15:58:13 **** Build of configuration Debug for project BSP ****
cs-make all 
'Building file: ../src/adc.c'
'Invoking: ARM Sourcery Windows GCC C Compiler'
arm-none-eabi-gcc -I..\..\BSP\include -O0 -Wall -Wa,-adhlns="src/adc.o.lst" -c -fmessage-length=0 -mapcs-frame -fno-builtin -MMD -MP -MF"src/adc.d" -MT"src/adc.d" -mcpu=arm7tdmi -g3 -gdwarf-2 -o "src/adc.o" "../src/adc.c"
'Finished building: ../src/adc.c'
' '
'Building file: ../src/at24C04.c'
'Invoking: ARM Sourcery Windows GCC C Compiler'
arm-none-eabi-gcc -I..\..\BSP\include -O0 -Wall -Wa,-adhlns="src/at24C04.o.lst" -c -fmessage-length=0 -mapcs-frame -fno-builtin -MMD -MP -MF"src/at24C04.d" -MT"src/at24C04.d" -mcpu=arm7tdmi -g3 -gdwarf-2 -o "src/at24C04.o" "../src/at24C04.c"
'Finished building: ../src/at24C04.c'
' '
'Building file: ../src/dma.c'
'Invoking: ARM Sourcery Windows GCC C Compiler'
arm-none-eabi-gcc -I..\..\BSP\include -O0 -Wall -Wa,-adhlns="src/dma.o.lst" -c -fmessage-length=0 -mapcs-frame -fno-builtin -MMD -MP -MF"src/dma.d" -MT"src/dma.d" -mcpu=arm7tdmi -g3 -gdwarf-2 -o "src/dma.o" "../src/dma.c"
'Finished building: ../src/dma.c'
' '
'Building file: ../src/font8x16.c'
'Invoking: ARM Sourcery Windows GCC C Compiler'
arm-none-eabi-gcc -I..\..\BSP\include -O0 -Wall -Wa,-adhlns="src/font8x16.o.lst" -c -fmessage-length=0 -mapcs-frame -fno-builtin -MMD -MP -MF"src/font8x16.d" -MT"src/font8x16.d" -mcpu=arm7tdmi -g3 -gdwarf-2 -o "src/font8x16.o" "../src/font8x16.c"
'Finished building: ../src/font8x16.c'
' '
'Building file: ../src/iic.c'
'Invoking: ARM Sourcery Windows GCC C Compiler'
arm-none-eabi-gcc -I..\..\BSP\include -O0 -Wall -Wa,-adhlns="src/iic.o.lst" -c -fmessage-length=0 -mapcs-frame -fno-builtin -MMD -MP -MF"src/iic.d" -MT"src/iic.d" -mcpu=arm7tdmi -g3 -gdwarf-2 -o "src/iic.o" "../src/iic.c"
'Finished building: ../src/iic.c'
' '
'Building file: ../src/iis.c'
'Invoking: ARM Sourcery Windows GCC C Compiler'
arm-none-eabi-gcc -I..\..\BSP\include -O0 -Wall -Wa,-adhlns="src/iis.o.lst" -c -fmessage-length=0 -mapcs-frame -fno-builtin -MMD -MP -MF"src/iis.d" -MT"src/iis.d" -mcpu=arm7tdmi -g3 -gdwarf-2 -o "src/iis.o" "../src/iis.c"
'Finished building: ../src/iis.c'
' '
'Building file: ../src/keypad.c'
'Invoking: ARM Sourcery Windows GCC C Compiler'
arm-none-eabi-gcc -I..\..\BSP\include -O0 -Wall -Wa,-adhlns="src/keypad.o.lst" -c -fmessage-length=0 -mapcs-frame -fno-builtin -MMD -MP -MF"src/keypad.d" -MT"src/keypad.d" -mcpu=arm7tdmi -g3 -gdwarf-2 -o "src/keypad.o" "../src/keypad.c"
../src/keypad.c: In function 'keypad_open':
../src/keypad.c:72:17: warning: assignment makes integer from pointer without a cast
../src/keypad.c: In function 'keypad_close':
../src/keypad.c:81:15: warning: assignment makes integer from pointer without a cast
'Finished building: ../src/keypad.c'
' '
'Building file: ../src/l3.c'
'Invoking: ARM Sourcery Windows GCC C Compiler'
arm-none-eabi-gcc -I..\..\BSP\include -O0 -Wall -Wa,-adhlns="src/l3.o.lst" -c -fmessage-length=0 -mapcs-frame -fno-builtin -MMD -MP -MF"src/l3.d" -MT"src/l3.d" -mcpu=arm7tdmi -g3 -gdwarf-2 -o "src/l3.o" "../src/l3.c"
'Finished building: ../src/l3.c'
' '
'Building file: ../src/lcd.c'
'Invoking: ARM Sourcery Windows GCC C Compiler'
arm-none-eabi-gcc -I..\..\BSP\include -O0 -Wall -Wa,-adhlns="src/lcd.o.lst" -c -fmessage-length=0 -mapcs-frame -fno-builtin -MMD -MP -MF"src/lcd.d" -MT"src/lcd.d" -mcpu=arm7tdmi -g3 -gdwarf-2 -o "src/lcd.o" "../src/lcd.c"
../src/lcd.c:8:14: warning: 'state' defined but not used
'Finished building: ../src/lcd.c'
' '
'Building file: ../src/leds.c'
'Invoking: ARM Sourcery Windows GCC C Compiler'
arm-none-eabi-gcc -I..\..\BSP\include -O0 -Wall -Wa,-adhlns="src/leds.o.lst" -c -fmessage-length=0 -mapcs-frame -fno-builtin -MMD -MP -MF"src/leds.d" -MT"src/leds.d" -mcpu=arm7tdmi -g3 -gdwarf-2 -o "src/leds.o" "../src/leds.c"
'Finished building: ../src/leds.c'
' '
'Building file: ../src/pbs.c'
'Invoking: ARM Sourcery Windows GCC C Compiler'
arm-none-eabi-gcc -I..\..\BSP\include -O0 -Wall -Wa,-adhlns="src/pbs.o.lst" -c -fmessage-length=0 -mapcs-frame -fno-builtin -MMD -MP -MF"src/pbs.d" -MT"src/pbs.d" -mcpu=arm7tdmi -g3 -gdwarf-2 -o "src/pbs.o" "../src/pbs.c"
../src/pbs.c: In function 'pbs_open':
../src/pbs.c:80:15: warning: assignment makes integer from pointer without a cast
../src/pbs.c: In function 'pbs_close':
../src/pbs.c:89:14: warning: assignment makes integer from pointer without a cast
'Finished building: ../src/pbs.c'
' '
'Building file: ../src/rtc.c'
'Invoking: ARM Sourcery Windows GCC C Compiler'
arm-none-eabi-gcc -I..\..\BSP\include -O0 -Wall -Wa,-adhlns="src/rtc.o.lst" -c -fmessage-length=0 -mapcs-frame -fno-builtin -MMD -MP -MF"src/rtc.d" -MT"src/rtc.d" -mcpu=arm7tdmi -g3 -gdwarf-2 -o "src/rtc.o" "../src/rtc.c"
../src/rtc.c: In function 'rtc_close':
../src/rtc.c:89:15: warning: assignment makes integer from pointer without a cast
'Finished building: ../src/rtc.c'
' '
'Building file: ../src/segs.c'
'Invoking: ARM Sourcery Windows GCC C Compiler'
arm-none-eabi-gcc -I..\..\BSP\include -O0 -Wall -Wa,-adhlns="src/segs.o.lst" -c -fmessage-length=0 -mapcs-frame -fno-builtin -MMD -MP -MF"src/segs.d" -MT"src/segs.d" -mcpu=arm7tdmi -g3 -gdwarf-2 -o "src/segs.o" "../src/segs.c"
'Finished building: ../src/segs.c'
' '
'Building file: ../src/system.c'
'Invoking: ARM Sourcery Windows GCC C Compiler'
arm-none-eabi-gcc -I..\..\BSP\include -O0 -Wall -Wa,-adhlns="src/system.o.lst" -c -fmessage-length=0 -mapcs-frame -fno-builtin -MMD -MP -MF"src/system.d" -MT"src/system.d" -mcpu=arm7tdmi -g3 -gdwarf-2 -o "src/system.o" "../src/system.c"
'Finished building: ../src/system.c'
' '
'Building file: ../src/timers.c'
'Invoking: ARM Sourcery Windows GCC C Compiler'
arm-none-eabi-gcc -I..\..\BSP\include -O0 -Wall -Wa,-adhlns="src/timers.o.lst" -c -fmessage-length=0 -mapcs-frame -fno-builtin -MMD -MP -MF"src/timers.d" -MT"src/timers.d" -mcpu=arm7tdmi -g3 -gdwarf-2 -o "src/timers.o" "../src/timers.c"
../src/timers.c: In function 'timer0_open_ms':
../src/timers.c:183:17: warning: assignment makes integer from pointer without a cast
../src/timers.c: In function 'timer0_close':
../src/timers.c:204:17: warning: assignment makes integer from pointer without a cast
'Finished building: ../src/timers.c'
' '
'Building file: ../src/ts.c'
'Invoking: ARM Sourcery Windows GCC C Compiler'
arm-none-eabi-gcc -I..\..\BSP\include -O0 -Wall -Wa,-adhlns="src/ts.o.lst" -c -fmessage-length=0 -mapcs-frame -fno-builtin -MMD -MP -MF"src/ts.d" -MT"src/ts.d" -mcpu=arm7tdmi -g3 -gdwarf-2 -o "src/ts.o" "../src/ts.c"
'Finished building: ../src/ts.c'
' '
'Building file: ../src/uart.c'
'Invoking: ARM Sourcery Windows GCC C Compiler'
arm-none-eabi-gcc -I..\..\BSP\include -O0 -Wall -Wa,-adhlns="src/uart.o.lst" -c -fmessage-length=0 -mapcs-frame -fno-builtin -MMD -MP -MF"src/uart.d" -MT"src/uart.d" -mcpu=arm7tdmi -g3 -gdwarf-2 -o "src/uart.o" "../src/uart.c"
'Finished building: ../src/uart.c'
' '
'Building file: ../src/uda1341ts.c'
'Invoking: ARM Sourcery Windows GCC C Compiler'
arm-none-eabi-gcc -I..\..\BSP\include -O0 -Wall -Wa,-adhlns="src/uda1341ts.o.lst" -c -fmessage-length=0 -mapcs-frame -fno-builtin -MMD -MP -MF"src/uda1341ts.d" -MT"src/uda1341ts.d" -mcpu=arm7tdmi -g3 -gdwarf-2 -o "src/uda1341ts.o" "../src/uda1341ts.c"
'Finished building: ../src/uda1341ts.c'
' '
'Building file: ../include/s3c44b0x.asm'
'Invoking: ARM Sourcery Windows GCC Assembler'
arm-none-eabi-gcc -x assembler-with-cpp -I..\..\BSP\include -Wall -Wa,-adhlns="include/s3c44b0x.o.lst" -c -fmessage-length=0 -MMD -MP -MF"include/s3c44b0x.d" -MT"include/s3c44b0x.d" -mcpu=arm7tdmi -g3 -gdwarf-2 -o "include/s3c44b0x.o" "../include/s3c44b0x.asm"
'Finished building: ../include/s3c44b0x.asm'
' '
'Building file: ../include/s3cev40.asm'
'Invoking: ARM Sourcery Windows GCC Assembler'
arm-none-eabi-gcc -x assembler-with-cpp -I..\..\BSP\include -Wall -Wa,-adhlns="include/s3cev40.o.lst" -c -fmessage-length=0 -MMD -MP -MF"include/s3cev40.d" -MT"include/s3cev40.d" -mcpu=arm7tdmi -g3 -gdwarf-2 -o "include/s3cev40.o" "../include/s3cev40.asm"
'Finished building: ../include/s3cev40.asm'
' '
'Building target: libBSP.a'
'Invoking: ARM Sourcery Windows GCC Archiver'
arm-none-eabi-ar -r  "libBSP.a"  ./src/adc.o ./src/at24C04.o ./src/dma.o ./src/font8x16.o ./src/iic.o ./src/iis.o ./src/keypad.o ./src/l3.o ./src/lcd.o ./src/leds.o ./src/pbs.o ./src/rtc.o ./src/segs.o ./src/system.o ./src/timers.o ./src/ts.o ./src/uart.o ./src/uda1341ts.o  ./include/s3c44b0x.o ./include/s3cev40.o   
arm-none-eabi-ar: creating libBSP.a
'Finished building target: libBSP.a'
' '
15:58:26 **** Build of configuration Debug for project proyecto ****
cs-make all 
'Building file: ../.metadata/.plugins/org.eclipse.cdt.make.core/specs.c'
'Invoking: ARM Sourcery Windows GCC C Compiler'
arm-none-eabi-gcc -I../../BSP/include -O0 -Wall -Wa,-adhlns=".metadata/.plugins/org.eclipse.cdt.make.core/specs.o.lst" -c -fmessage-length=0 -mapcs-frame -MMD -MP -MF".metadata/.plugins/org.eclipse.cdt.make.core/specs.d" -MT".metadata/.plugins/org.eclipse.cdt.make.core/specs.d" -mcpu=arm7tdmi -g3 -gdwarf-2 -o ".metadata/.plugins/org.eclipse.cdt.make.core/specs.o" "../.metadata/.plugins/org.eclipse.cdt.make.core/specs.c"
'Finished building: ../.metadata/.plugins/org.eclipse.cdt.make.core/specs.c'
' '
'Building file: ../proyecto.c'
'Invoking: ARM Sourcery Windows GCC C Compiler'
arm-none-eabi-gcc -I../../BSP/include -O0 -Wall -Wa,-adhlns="proyecto.o.lst" -c -fmessage-length=0 -mapcs-frame -MMD -MP -MF"proyecto.d" -MT"proyecto.d" -mcpu=arm7tdmi -g3 -gdwarf-2 -o "proyecto.o" "../proyecto.c"
../proyecto.c:201:6: warning: return type of 'main' is not 'int'
../proyecto.c: In function 'main':
../proyecto.c:278:10: warning: unused variable 'Aux'
../proyecto.c:276:10: warning: unused variable 'Temporizador'
../proyecto.c: In function 'hexToDecimal':
../proyecto.c:501:3: warning: implicit declaration of function 'isdigit'
../proyecto.c:506:4: warning: implicit declaration of function 'toupper'
../proyecto.c: In function 'pasos':
../proyecto.c:589:3: warning: implicit declaration of function 'getStepsPerMin'
../proyecto.c:551:8: warning: unused variable 'metros'
../proyecto.c: In function 'cronometro':
../proyecto.c:887:8: warning: implicit declaration of function 'one_s_loop'
../proyecto.c: In function 'temporizador':
../proyecto.c:1001:20: warning: unused variable 'y'
../proyecto.c:1001:12: warning: unused variable 'x'
../proyecto.c:956:10: warning: unused variable 'pintarIni'
../proyecto.c: At top level:
../proyecto.c:1374:6: warning: conflicting types for 'one_s_loop'
../proyecto.c:887:8: note: previous implicit declaration of 'one_s_loop' was here
'Finished building: ../proyecto.c'
' '
'Building file: ../sensorsEmulator.c'
'Invoking: ARM Sourcery Windows GCC C Compiler'
arm-none-eabi-gcc -I../../BSP/include -O0 -Wall -Wa,-adhlns="sensorsEmulator.o.lst" -c -fmessage-length=0 -mapcs-frame -MMD -MP -MF"sensorsEmulator.d" -MT"sensorsEmulator.d" -mcpu=arm7tdmi -g3 -gdwarf-2 -o "sensorsEmulator.o" "../sensorsEmulator.c"
'Finished building: ../sensorsEmulator.c'
' '
'Building target: proyecto.elf'
'Invoking: ARM Sourcery Windows GCC C Linker'
arm-none-eabi-gcc -T"../proyecto.ld" -nostartfiles -L../../BSP/Debug -Wl,-Map,proyecto.map -mcpu=arm7tdmi -g3 -gdwarf-2 -o "proyecto.elf"  ./.metadata/.plugins/org.eclipse.cdt.make.core/specs.o  ./proyecto.o ./sensorsEmulator.o   -lBSP
'Finished building target: proyecto.elf'
' '
'Invoking: ARM Sourcery Windows GNU Create Flash Image'
arm-none-eabi-objcopy -O binary proyecto.elf  "proyecto.hex"
'Finished building: proyecto.hex'
' '
'Invoking: ARM Sourcery Windows GNU Create Listing'
arm-none-eabi-objdump -h -S proyecto.elf > "proyecto.lst"
'Finished building: proyecto.lst'
' '
'Invoking: ARM Sourcery Windows GNU Print Size'
arm-none-eabi-size  --format=berkeley proyecto.elf
   text	   data	    bss	    dec	    hex	filename
  59016	   1208	 679604	 739828	  b49f4	proyecto.elf
'Finished building: proyecto.siz'
' '
15:58:44 **** Incremental Build of configuration Debug for project proyecto ****
cs-make all 
'Invoking: ARM Sourcery Windows GNU Print Size'
arm-none-eabi-size  --format=berkeley proyecto.elf
   text	   data	    bss	    dec	    hex	filename
  59016	   1208	 679604	 739828	  b49f4	proyecto.elf
'Finished building: proyecto.siz'
' '
16:08:22 **** Incremental Build of configuration Debug for project proyecto ****
cs-make all 
'Invoking: ARM Sourcery Windows GNU Print Size'
arm-none-eabi-size  --format=berkeley proyecto.elf
   text	   data	    bss	    dec	    hex	filename
  59016	   1208	 679604	 739828	  b49f4	proyecto.elf
'Finished building: proyecto.siz'
' '
16:12:37 **** Incremental Build of configuration Debug for project proyecto ****
cs-make all 
'Building file: ../proyecto.c'
'Invoking: ARM Sourcery Windows GCC C Compiler'
arm-none-eabi-gcc -I../../BSP/include -O0 -Wall -Wa,-adhlns="proyecto.o.lst" -c -fmessage-length=0 -mapcs-frame -MMD -MP -MF"proyecto.d" -MT"proyecto.d" -mcpu=arm7tdmi -g3 -gdwarf-2 -o "proyecto.o" "../proyecto.c"
../proyecto.c:201:6: warning: return type of 'main' is not 'int'
../proyecto.c: In function 'main':
../proyecto.c:278:10: warning: unused variable 'Aux'
../proyecto.c:276:10: warning: unused variable 'Temporizador'
../proyecto.c: In function 'hexToDecimal':
../proyecto.c:501:3: warning: implicit declaration of function 'isdigit'
../proyecto.c:506:4: warning: implicit declaration of function 'toupper'
../proyecto.c: In function 'pasos':
../proyecto.c:589:3: warning: implicit declaration of function 'getStepsPerMin'
../proyecto.c:551:8: warning: unused variable 'metros'
../proyecto.c: In function 'cronometro':
../proyecto.c:887:8: warning: implicit declaration of function 'one_s_loop'
../proyecto.c: In function 'temporizador':
../proyecto.c:1001:20: warning: unused variable 'y'
../proyecto.c:1001:12: warning: unused variable 'x'
../proyecto.c:956:10: warning: unused variable 'pintarIni'
../proyecto.c: At top level:
../proyecto.c:1374:6: warning: conflicting types for 'one_s_loop'
../proyecto.c:887:8: note: previous implicit declaration of 'one_s_loop' was here
'Finished building: ../proyecto.c'
' '
'Building target: proyecto.elf'
'Invoking: ARM Sourcery Windows GCC C Linker'
arm-none-eabi-gcc -T"../proyecto.ld" -nostartfiles -L../../BSP/Debug -Wl,-Map,proyecto.map -mcpu=arm7tdmi -g3 -gdwarf-2 -o "proyecto.elf"  ./.metadata/.plugins/org.eclipse.cdt.make.core/specs.o  ./proyecto.o ./sensorsEmulator.o   -lBSP
'Finished building target: proyecto.elf'
' '
'Invoking: ARM Sourcery Windows GNU Create Flash Image'
arm-none-eabi-objcopy -O binary proyecto.elf  "proyecto.hex"
'Finished building: proyecto.hex'
' '
'Invoking: ARM Sourcery Windows GNU Create Listing'
arm-none-eabi-objdump -h -S proyecto.elf > "proyecto.lst"
'Finished building: proyecto.lst'
' '
'Invoking: ARM Sourcery Windows GNU Print Size'
arm-none-eabi-size  --format=berkeley proyecto.elf
   text	   data	    bss	    dec	    hex	filename
  59020	   1208	 679604	 739832	  b49f8	proyecto.elf
'Finished building: proyecto.siz'
' '
16:20:48 **** Incremental Build of configuration Debug for project proyecto ****
cs-make all 
'Invoking: ARM Sourcery Windows GNU Print Size'
arm-none-eabi-size  --format=berkeley proyecto.elf
   text	   data	    bss	    dec	    hex	filename
  59020	   1208	 679604	 739832	  b49f8	proyecto.elf
'Finished building: proyecto.siz'
' '
16:21:08 **** Incremental Build of configuration Debug for project proyecto ****
cs-make all 
'Invoking: ARM Sourcery Windows GNU Print Size'
arm-none-eabi-size  --format=berkeley proyecto.elf
   text	   data	    bss	    dec	    hex	filename
  59020	   1208	 679604	 739832	  b49f8	proyecto.elf
'Finished building: proyecto.siz'
' '
16:30:57 **** Incremental Build of configuration Debug for project proyecto ****
cs-make all 
'Building file: ../proyecto.c'
'Invoking: ARM Sourcery Windows GCC C Compiler'
arm-none-eabi-gcc -I../../BSP/include -O0 -Wall -Wa,-adhlns="proyecto.o.lst" -c -fmessage-length=0 -mapcs-frame -MMD -MP -MF"proyecto.d" -MT"proyecto.d" -mcpu=arm7tdmi -g3 -gdwarf-2 -o "proyecto.o" "../proyecto.c"
../proyecto.c:201:6: warning: return type of 'main' is not 'int'
../proyecto.c: In function 'main':
../proyecto.c:278:10: warning: unused variable 'Aux'
../proyecto.c:276:10: warning: unused variable 'Temporizador'
../proyecto.c: In function 'hexToDecimal':
../proyecto.c:501:3: warning: implicit declaration of function 'isdigit'
../proyecto.c:506:4: warning: implicit declaration of function 'toupper'
../proyecto.c: In function 'pasos':
../proyecto.c:589:3: warning: implicit declaration of function 'getStepsPerMin'
../proyecto.c:551:8: warning: unused variable 'metros'
../proyecto.c: In function 'cronometro':
../proyecto.c:887:8: warning: implicit declaration of function 'one_s_loop'
../proyecto.c: In function 'temporizador':
../proyecto.c:1001:20: warning: unused variable 'y'
../proyecto.c:1001:12: warning: unused variable 'x'
../proyecto.c:956:10: warning: unused variable 'pintarIni'
../proyecto.c: At top level:
../proyecto.c:1374:6: warning: conflicting types for 'one_s_loop'
../proyecto.c:887:8: note: previous implicit declaration of 'one_s_loop' was here
'Finished building: ../proyecto.c'
' '
'Building target: proyecto.elf'
'Invoking: ARM Sourcery Windows GCC C Linker'
arm-none-eabi-gcc -T"../proyecto.ld" -nostartfiles -L../../BSP/Debug -Wl,-Map,proyecto.map -mcpu=arm7tdmi -g3 -gdwarf-2 -o "proyecto.elf"  ./.metadata/.plugins/org.eclipse.cdt.make.core/specs.o  ./proyecto.o ./sensorsEmulator.o   -lBSP
'Finished building target: proyecto.elf'
' '
'Invoking: ARM Sourcery Windows GNU Create Flash Image'
arm-none-eabi-objcopy -O binary proyecto.elf  "proyecto.hex"
'Finished building: proyecto.hex'
' '
'Invoking: ARM Sourcery Windows GNU Create Listing'
arm-none-eabi-objdump -h -S proyecto.elf > "proyecto.lst"
'Finished building: proyecto.lst'
' '
'Invoking: ARM Sourcery Windows GNU Print Size'
arm-none-eabi-size  --format=berkeley proyecto.elf
   text	   data	    bss	    dec	    hex	filename
  59044	   1208	 679604	 739856	  b4a10	proyecto.elf
'Finished building: proyecto.siz'
' '
19:12:08 **** Incremental Build of configuration Debug for project proyecto ****
cs-make all 
'Building file: ../proyecto.c'
'Invoking: ARM Sourcery Windows GCC C Compiler'
arm-none-eabi-gcc -I../../BSP/include -O0 -Wall -Wa,-adhlns="proyecto.o.lst" -c -fmessage-length=0 -mapcs-frame -MMD -MP -MF"proyecto.d" -MT"proyecto.d" -mcpu=arm7tdmi -g3 -gdwarf-2 -o "proyecto.o" "../proyecto.c"
../proyecto.c:201:6: warning: return type of 'main' is not 'int'
../proyecto.c: In function 'main':
../proyecto.c:278:10: warning: unused variable 'Aux'
../proyecto.c:276:10: warning: unused variable 'Temporizador'
../proyecto.c: In function 'hexToDecimal':
../proyecto.c:501:3: warning: implicit declaration of function 'isdigit'
../proyecto.c:506:4: warning: implicit declaration of function 'toupper'
../proyecto.c: In function 'pasos':
../proyecto.c:589:3: warning: implicit declaration of function 'getStepsPerMin'
../proyecto.c:551:8: warning: unused variable 'metros'
../proyecto.c: In function 'cronometro':
../proyecto.c:887:8: warning: implicit declaration of function 'one_s_loop'
../proyecto.c: In function 'temporizador':
../proyecto.c:1001:20: warning: unused variable 'y'
../proyecto.c:1001:12: warning: unused variable 'x'
../proyecto.c:956:10: warning: unused variable 'pintarIni'
../proyecto.c: At top level:
../proyecto.c:1374:6: warning: conflicting types for 'one_s_loop'
../proyecto.c:887:8: note: previous implicit declaration of 'one_s_loop' was here
'Finished building: ../proyecto.c'
' '
'Building target: proyecto.elf'
'Invoking: ARM Sourcery Windows GCC C Linker'
arm-none-eabi-gcc -T"../proyecto.ld" -nostartfiles -L../../BSP/Debug -Wl,-Map,proyecto.map -mcpu=arm7tdmi -g3 -gdwarf-2 -o "proyecto.elf"  ./.metadata/.plugins/org.eclipse.cdt.make.core/specs.o  ./proyecto.o ./sensorsEmulator.o   -lBSP
'Finished building target: proyecto.elf'
' '
'Invoking: ARM Sourcery Windows GNU Create Flash Image'
arm-none-eabi-objcopy -O binary proyecto.elf  "proyecto.hex"
'Finished building: proyecto.hex'
' '
'Invoking: ARM Sourcery Windows GNU Create Listing'
arm-none-eabi-objdump -h -S proyecto.elf > "proyecto.lst"
'Finished building: proyecto.lst'
' '
'Invoking: ARM Sourcery Windows GNU Print Size'
arm-none-eabi-size  --format=berkeley proyecto.elf
   text	   data	    bss	    dec	    hex	filename
  59064	   1208	 679604	 739876	  b4a24	proyecto.elf
'Finished building: proyecto.siz'
' '
19:21:21 **** Incremental Build of configuration Debug for project proyecto ****
cs-make all 
'Building file: ../proyecto.c'
'Invoking: ARM Sourcery Windows GCC C Compiler'
arm-none-eabi-gcc -I../../BSP/include -O0 -Wall -Wa,-adhlns="proyecto.o.lst" -c -fmessage-length=0 -mapcs-frame -MMD -MP -MF"proyecto.d" -MT"proyecto.d" -mcpu=arm7tdmi -g3 -gdwarf-2 -o "proyecto.o" "../proyecto.c"
../proyecto.c:201:6: warning: return type of 'main' is not 'int'
../proyecto.c: In function 'main':
../proyecto.c:278:10: warning: unused variable 'Aux'
../proyecto.c:276:10: warning: unused variable 'Temporizador'
../proyecto.c: In function 'hexToDecimal':
../proyecto.c:501:3: warning: implicit declaration of function 'isdigit'
../proyecto.c:506:4: warning: implicit declaration of function 'toupper'
../proyecto.c: In function 'pasos':
../proyecto.c:589:3: warning: implicit declaration of function 'getStepsPerMin'
../proyecto.c:551:8: warning: unused variable 'metros'
../proyecto.c: In function 'cronometro':
../proyecto.c:887:8: warning: implicit declaration of function 'one_s_loop'
../proyecto.c: In function 'temporizador':
../proyecto.c:1001:20: warning: unused variable 'y'
../proyecto.c:1001:12: warning: unused variable 'x'
../proyecto.c:956:10: warning: unused variable 'pintarIni'
../proyecto.c: At top level:
../proyecto.c:1374:6: warning: conflicting types for 'one_s_loop'
../proyecto.c:887:8: note: previous implicit declaration of 'one_s_loop' was here
'Finished building: ../proyecto.c'
' '
'Building target: proyecto.elf'
'Invoking: ARM Sourcery Windows GCC C Linker'
arm-none-eabi-gcc -T"../proyecto.ld" -nostartfiles -L../../BSP/Debug -Wl,-Map,proyecto.map -mcpu=arm7tdmi -g3 -gdwarf-2 -o "proyecto.elf"  ./.metadata/.plugins/org.eclipse.cdt.make.core/specs.o  ./proyecto.o ./sensorsEmulator.o   -lBSP
'Finished building target: proyecto.elf'
' '
'Invoking: ARM Sourcery Windows GNU Create Flash Image'
arm-none-eabi-objcopy -O binary proyecto.elf  "proyecto.hex"
'Finished building: proyecto.hex'
' '
'Invoking: ARM Sourcery Windows GNU Create Listing'
arm-none-eabi-objdump -h -S proyecto.elf > "proyecto.lst"
'Finished building: proyecto.lst'
' '
'Invoking: ARM Sourcery Windows GNU Print Size'
arm-none-eabi-size  --format=berkeley proyecto.elf
   text	   data	    bss	    dec	    hex	filename
  59064	   1208	 679604	 739876	  b4a24	proyecto.elf
'Finished building: proyecto.siz'
' '
19:25:08 **** Incremental Build of configuration Debug for project proyecto ****
cs-make all 
'Building file: ../proyecto.c'
'Invoking: ARM Sourcery Windows GCC C Compiler'
arm-none-eabi-gcc -I../../BSP/include -O0 -Wall -Wa,-adhlns="proyecto.o.lst" -c -fmessage-length=0 -mapcs-frame -MMD -MP -MF"proyecto.d" -MT"proyecto.d" -mcpu=arm7tdmi -g3 -gdwarf-2 -o "proyecto.o" "../proyecto.c"
../proyecto.c:201:6: warning: return type of 'main' is not 'int'
../proyecto.c: In function 'main':
../proyecto.c:278:10: warning: unused variable 'Aux'
../proyecto.c:276:10: warning: unused variable 'Temporizador'
../proyecto.c: In function 'hexToDecimal':
../proyecto.c:501:3: warning: implicit declaration of function 'isdigit'
../proyecto.c:506:4: warning: implicit declaration of function 'toupper'
../proyecto.c: In function 'pasos':
../proyecto.c:589:3: warning: implicit declaration of function 'getStepsPerMin'
../proyecto.c:551:8: warning: unused variable 'metros'
../proyecto.c: In function 'cronometro':
../proyecto.c:887:8: warning: implicit declaration of function 'one_s_loop'
../proyecto.c: In function 'temporizador':
../proyecto.c:1001:20: warning: unused variable 'y'
../proyecto.c:1001:12: warning: unused variable 'x'
../proyecto.c:956:10: warning: unused variable 'pintarIni'
../proyecto.c: At top level:
../proyecto.c:1374:6: warning: conflicting types for 'one_s_loop'
../proyecto.c:887:8: note: previous implicit declaration of 'one_s_loop' was here
'Finished building: ../proyecto.c'
' '
'Building target: proyecto.elf'
'Invoking: ARM Sourcery Windows GCC C Linker'
arm-none-eabi-gcc -T"../proyecto.ld" -nostartfiles -L../../BSP/Debug -Wl,-Map,proyecto.map -mcpu=arm7tdmi -g3 -gdwarf-2 -o "proyecto.elf"  ./.metadata/.plugins/org.eclipse.cdt.make.core/specs.o  ./proyecto.o ./sensorsEmulator.o   -lBSP
'Finished building target: proyecto.elf'
' '
'Invoking: ARM Sourcery Windows GNU Create Flash Image'
arm-none-eabi-objcopy -O binary proyecto.elf  "proyecto.hex"
'Finished building: proyecto.hex'
' '
'Invoking: ARM Sourcery Windows GNU Create Listing'
arm-none-eabi-objdump -h -S proyecto.elf > "proyecto.lst"
'Finished building: proyecto.lst'
' '
'Invoking: ARM Sourcery Windows GNU Print Size'
arm-none-eabi-size  --format=berkeley proyecto.elf
   text	   data	    bss	    dec	    hex	filename
  59064	   1208	 679604	 739876	  b4a24	proyecto.elf
'Finished building: proyecto.siz'
' '
19:26:49 **** Incremental Build of configuration Debug for project proyecto ****
cs-make all 
'Building file: ../proyecto.c'
'Invoking: ARM Sourcery Windows GCC C Compiler'
arm-none-eabi-gcc -I../../BSP/include -O0 -Wall -Wa,-adhlns="proyecto.o.lst" -c -fmessage-length=0 -mapcs-frame -MMD -MP -MF"proyecto.d" -MT"proyecto.d" -mcpu=arm7tdmi -g3 -gdwarf-2 -o "proyecto.o" "../proyecto.c"
../proyecto.c:201:6: warning: return type of 'main' is not 'int'
../proyecto.c: In function 'main':
../proyecto.c:278:10: warning: unused variable 'Aux'
../proyecto.c:276:10: warning: unused variable 'Temporizador'
../proyecto.c: In function 'hexToDecimal':
../proyecto.c:501:3: warning: implicit declaration of function 'isdigit'
../proyecto.c:506:4: warning: implicit declaration of function 'toupper'
../proyecto.c: In function 'pasos':
../proyecto.c:589:3: warning: implicit declaration of function 'getStepsPerMin'
../proyecto.c:551:8: warning: unused variable 'metros'
../proyecto.c: In function 'cronometro':
../proyecto.c:887:8: warning: implicit declaration of function 'one_s_loop'
../proyecto.c: In function 'temporizador':
../proyecto.c:1001:20: warning: unused variable 'y'
../proyecto.c:1001:12: warning: unused variable 'x'
../proyecto.c:956:10: warning: unused variable 'pintarIni'
../proyecto.c: At top level:
../proyecto.c:1374:6: warning: conflicting types for 'one_s_loop'
../proyecto.c:887:8: note: previous implicit declaration of 'one_s_loop' was here
'Finished building: ../proyecto.c'
' '
'Building target: proyecto.elf'
'Invoking: ARM Sourcery Windows GCC C Linker'
arm-none-eabi-gcc -T"../proyecto.ld" -nostartfiles -L../../BSP/Debug -Wl,-Map,proyecto.map -mcpu=arm7tdmi -g3 -gdwarf-2 -o "proyecto.elf"  ./.metadata/.plugins/org.eclipse.cdt.make.core/specs.o  ./proyecto.o ./sensorsEmulator.o   -lBSP
'Finished building target: proyecto.elf'
' '
'Invoking: ARM Sourcery Windows GNU Create Flash Image'
arm-none-eabi-objcopy -O binary proyecto.elf  "proyecto.hex"
'Finished building: proyecto.hex'
' '
'Invoking: ARM Sourcery Windows GNU Create Listing'
arm-none-eabi-objdump -h -S proyecto.elf > "proyecto.lst"
'Finished building: proyecto.lst'
' '
'Invoking: ARM Sourcery Windows GNU Print Size'
arm-none-eabi-size  --format=berkeley proyecto.elf
   text	   data	    bss	    dec	    hex	filename
  59060	   1208	 679604	 739872	  b4a20	proyecto.elf
'Finished building: proyecto.siz'
' '
19:36:30 **** Incremental Build of configuration Debug for project proyecto ****
cs-make all 
'Building file: ../proyecto.c'
'Invoking: ARM Sourcery Windows GCC C Compiler'
arm-none-eabi-gcc -I../../BSP/include -O0 -Wall -Wa,-adhlns="proyecto.o.lst" -c -fmessage-length=0 -mapcs-frame -MMD -MP -MF"proyecto.d" -MT"proyecto.d" -mcpu=arm7tdmi -g3 -gdwarf-2 -o "proyecto.o" "../proyecto.c"
../proyecto.c:201:6: warning: return type of 'main' is not 'int'
../proyecto.c: In function 'main':
../proyecto.c:278:10: warning: unused variable 'Aux'
../proyecto.c:276:10: warning: unused variable 'Temporizador'
../proyecto.c: In function 'hexToDecimal':
../proyecto.c:501:3: warning: implicit declaration of function 'isdigit'
../proyecto.c:506:4: warning: implicit declaration of function 'toupper'
../proyecto.c: In function 'pasos':
../proyecto.c:589:3: warning: implicit declaration of function 'getStepsPerMin'
../proyecto.c:551:8: warning: unused variable 'metros'
../proyecto.c: In function 'cronometro':
../proyecto.c:887:8: warning: implicit declaration of function 'one_s_loop'
../proyecto.c: In function 'temporizador':
../proyecto.c:1001:20: warning: unused variable 'y'
../proyecto.c:1001:12: warning: unused variable 'x'
../proyecto.c:956:10: warning: unused variable 'pintarIni'
../proyecto.c: At top level:
../proyecto.c:1375:6: warning: conflicting types for 'one_s_loop'
../proyecto.c:887:8: note: previous implicit declaration of 'one_s_loop' was here
'Finished building: ../proyecto.c'
' '
'Building target: proyecto.elf'
'Invoking: ARM Sourcery Windows GCC C Linker'
arm-none-eabi-gcc -T"../proyecto.ld" -nostartfiles -L../../BSP/Debug -Wl,-Map,proyecto.map -mcpu=arm7tdmi -g3 -gdwarf-2 -o "proyecto.elf"  ./.metadata/.plugins/org.eclipse.cdt.make.core/specs.o  ./proyecto.o ./sensorsEmulator.o   -lBSP
'Finished building target: proyecto.elf'
' '
'Invoking: ARM Sourcery Windows GNU Create Flash Image'
arm-none-eabi-objcopy -O binary proyecto.elf  "proyecto.hex"
'Finished building: proyecto.hex'
' '
'Invoking: ARM Sourcery Windows GNU Create Listing'
arm-none-eabi-objdump -h -S proyecto.elf > "proyecto.lst"
'Finished building: proyecto.lst'
' '
'Invoking: ARM Sourcery Windows GNU Print Size'
arm-none-eabi-size  --format=berkeley proyecto.elf
   text	   data	    bss	    dec	    hex	filename
  59060	   1208	 679604	 739872	  b4a20	proyecto.elf
'Finished building: proyecto.siz'
' '
19:40:29 **** Incremental Build of configuration Debug for project proyecto ****
cs-make all 
'Building file: ../proyecto.c'
'Invoking: ARM Sourcery Windows GCC C Compiler'
arm-none-eabi-gcc -I../../BSP/include -O0 -Wall -Wa,-adhlns="proyecto.o.lst" -c -fmessage-length=0 -mapcs-frame -MMD -MP -MF"proyecto.d" -MT"proyecto.d" -mcpu=arm7tdmi -g3 -gdwarf-2 -o "proyecto.o" "../proyecto.c"
../proyecto.c:201:6: warning: return type of 'main' is not 'int'
../proyecto.c: In function 'main':
../proyecto.c:278:10: warning: unused variable 'Aux'
../proyecto.c:276:10: warning: unused variable 'Temporizador'
../proyecto.c: In function 'hexToDecimal':
../proyecto.c:501:3: warning: implicit declaration of function 'isdigit'
../proyecto.c:506:4: warning: implicit declaration of function 'toupper'
../proyecto.c: In function 'pasos':
../proyecto.c:589:3: warning: implicit declaration of function 'getStepsPerMin'
../proyecto.c:551:8: warning: unused variable 'metros'
../proyecto.c: In function 'cronometro':
../proyecto.c:887:8: warning: implicit declaration of function 'one_s_loop'
../proyecto.c: In function 'temporizador':
../proyecto.c:1001:20: warning: unused variable 'y'
../proyecto.c:1001:12: warning: unused variable 'x'
../proyecto.c:956:10: warning: unused variable 'pintarIni'
../proyecto.c: At top level:
../proyecto.c:1376:6: warning: conflicting types for 'one_s_loop'
../proyecto.c:887:8: note: previous implicit declaration of 'one_s_loop' was here
'Finished building: ../proyecto.c'
' '
'Building target: proyecto.elf'
'Invoking: ARM Sourcery Windows GCC C Linker'
arm-none-eabi-gcc -T"../proyecto.ld" -nostartfiles -L../../BSP/Debug -Wl,-Map,proyecto.map -mcpu=arm7tdmi -g3 -gdwarf-2 -o "proyecto.elf"  ./.metadata/.plugins/org.eclipse.cdt.make.core/specs.o  ./proyecto.o ./sensorsEmulator.o   -lBSP
'Finished building target: proyecto.elf'
' '
'Invoking: ARM Sourcery Windows GNU Create Flash Image'
arm-none-eabi-objcopy -O binary proyecto.elf  "proyecto.hex"
'Finished building: proyecto.hex'
' '
'Invoking: ARM Sourcery Windows GNU Create Listing'
arm-none-eabi-objdump -h -S proyecto.elf > "proyecto.lst"
'Finished building: proyecto.lst'
' '
'Invoking: ARM Sourcery Windows GNU Print Size'
arm-none-eabi-size  --format=berkeley proyecto.elf
   text	   data	    bss	    dec	    hex	filename
  59072	   1208	 679604	 739884	  b4a2c	proyecto.elf
'Finished building: proyecto.siz'
' '
19:47:11 **** Incremental Build of configuration Debug for project proyecto ****
cs-make all 
'Building file: ../proyecto.c'
'Invoking: ARM Sourcery Windows GCC C Compiler'
arm-none-eabi-gcc -I../../BSP/include -O0 -Wall -Wa,-adhlns="proyecto.o.lst" -c -fmessage-length=0 -mapcs-frame -MMD -MP -MF"proyecto.d" -MT"proyecto.d" -mcpu=arm7tdmi -g3 -gdwarf-2 -o "proyecto.o" "../proyecto.c"
../proyecto.c:201:6: warning: return type of 'main' is not 'int'
../proyecto.c: In function 'main':
../proyecto.c:278:10: warning: unused variable 'Aux'
../proyecto.c:276:10: warning: unused variable 'Temporizador'
../proyecto.c: In function 'hexToDecimal':
../proyecto.c:501:3: warning: implicit declaration of function 'isdigit'
../proyecto.c:506:4: warning: implicit declaration of function 'toupper'
../proyecto.c: In function 'pasos':
../proyecto.c:589:3: warning: implicit declaration of function 'getStepsPerMin'
../proyecto.c:551:8: warning: unused variable 'metros'
../proyecto.c: In function 'cronometro':
../proyecto.c:887:8: warning: implicit declaration of function 'one_s_loop'
../proyecto.c: In function 'temporizador':
../proyecto.c:1001:20: warning: unused variable 'y'
../proyecto.c:1001:12: warning: unused variable 'x'
../proyecto.c:956:10: warning: unused variable 'pintarIni'
../proyecto.c: At top level:
../proyecto.c:1377:6: warning: conflicting types for 'one_s_loop'
../proyecto.c:887:8: note: previous implicit declaration of 'one_s_loop' was here
'Finished building: ../proyecto.c'
' '
'Building target: proyecto.elf'
'Invoking: ARM Sourcery Windows GCC C Linker'
arm-none-eabi-gcc -T"../proyecto.ld" -nostartfiles -L../../BSP/Debug -Wl,-Map,proyecto.map -mcpu=arm7tdmi -g3 -gdwarf-2 -o "proyecto.elf"  ./.metadata/.plugins/org.eclipse.cdt.make.core/specs.o  ./proyecto.o ./sensorsEmulator.o   -lBSP
'Finished building target: proyecto.elf'
' '
'Invoking: ARM Sourcery Windows GNU Create Flash Image'
arm-none-eabi-objcopy -O binary proyecto.elf  "proyecto.hex"
'Finished building: proyecto.hex'
' '
'Invoking: ARM Sourcery Windows GNU Create Listing'
arm-none-eabi-objdump -h -S proyecto.elf > "proyecto.lst"
'Finished building: proyecto.lst'
' '
'Invoking: ARM Sourcery Windows GNU Print Size'
arm-none-eabi-size  --format=berkeley proyecto.elf
   text	   data	    bss	    dec	    hex	filename
  59084	   1208	 679604	 739896	  b4a38	proyecto.elf
'Finished building: proyecto.siz'
' '
19:49:35 **** Incremental Build of configuration Debug for project proyecto ****
cs-make all 
'Invoking: ARM Sourcery Windows GNU Print Size'
arm-none-eabi-size  --format=berkeley proyecto.elf
   text	   data	    bss	    dec	    hex	filename
  59084	   1208	 679604	 739896	  b4a38	proyecto.elf
'Finished building: proyecto.siz'
' '
